Successfully created mailbox post@example.com (quota: 2048 KB)
